// Jest Snapshot v1, https://goo.gl/fbAQLP

exports[`<SearchField /> should render SearchField 1`] = `
<div
  class="inputX-field"
>
  <input
    class="inputX-input"
    name="search"
    placeholder="busque seu artista..."
    role="input"
    spellcheck="false"
    value=""
  />
</div>
`;
