// Jest Snapshot v1, https://goo.gl/fbAQLP

exports[`<ListTrack /> should render SearchField 1`] = `
<li
  class="listTrackX-container"
>
  <span
    class="listTrackX-text"
  >
    1
    .
  </span>
  <span
    class="listTrackX-description"
  >
    folklore
  </span>
  <span
    class="listTrackX-text"
  >
    3:50
  </span>
</li>
`;
